PLEASE submit a bug report to https://github.com/llvm/circt and include the crash backtrace.
Stack dump:
0.	Program arguments: circt-opt --pass-pipeline=builtin.module(lower-scf-to-calyx{top-level-function=f})
 #0 0x00007f27727468a8 llvm::sys::PrintStackTrace(llvm::raw_ostream&, int) (/opt/circt/firtool-1.139.0/lib/libLLVMSupport.so+0x2008a8)
 #1 0x00007f27727442f5 llvm::sys::RunSignalHandlers() (/opt/circt/firtool-1.139.0/lib/libLLVMSupport.so+0x1fe2f5)
 #2 0x00007f2772747631 SignalHandler(int, siginfo_t*, void*) Signals.cpp:0:0
 #3 0x00007f2772260330 (/lib/x86_64-linux-gnu/libc.so.6+0x45330)
 #4 0x00007f277298f4f3 mlir::SuccessorRange::SuccessorRange(mlir::Block*) (/opt/circt/firtool-1.139.0/lib/libMLIRIR.so+0x8f4f3)
 #5 0x00007f27786454f7 circt::scftocalyx::BuildControl::buildCFGControl(llvm::DenseSet<mlir::Block*, llvm::DenseMapInfo<mlir::Block*, void>>, mlir::PatternRewriter&, mlir::Block*, mlir::Block*, mlir::Block*) const (/opt/circt/firtool-1.139.0/lib/libCIRCTSCFToCalyx.so+0x644f7)
 #6 0x00007f2778645256 circt::scftocalyx::BuildControl::partiallyLowerFuncToComp(mlir::func::FuncOp, mlir::PatternRewriter&) const (/opt/circt/firtool-1.139.0/lib/libCIRCTSCFToCalyx.so+0x64256)
 #7 0x00007f277752798d circt::calyx::FuncOpPartialLoweringPattern::partiallyLower(mlir::func::FuncOp, mlir::PatternRewriter&) const (/opt/circt/firtool-1.139.0/lib/libCIRCTCalyxTransforms.so+0x1c98d)
 #8 0x00007f277863a047 circt::calyx::PartialLoweringPattern<mlir::func::FuncOp, mlir::OpRewritePattern>::matchAndRewrite(mlir::func::FuncOp, mlir::PatternRewriter&) const (/opt/circt/firtool-1.139.0/lib/libCIRCTSCFToCalyx.so+0x59047)
 #9 0x00007f2774cb08ed void llvm::function_ref<void ()>::callback_fn<mlir::PatternApplicator::matchAndRewrite(mlir::Operation*, mlir::PatternRewriter&, llvm::function_ref<bool (mlir::Pattern const&)>, llvm::function_ref<void (mlir::Pattern const&)>, llvm::function_ref<llvm::LogicalResult (mlir::Pattern const&)>)::$_0>(long) PatternApplicator.cpp:0:0
#10 0x00007f2774cad774 mlir::PatternApplicator::matchAndRewrite(mlir::Operation*, mlir::PatternRewriter&, llvm::function_ref<bool (mlir::Pattern const&)>, llvm::function_ref<void (mlir::Pattern const&)>, llvm::function_ref<llvm::LogicalResult (mlir::Pattern const&)>) (/opt/circt/firtool-1.139.0/lib/libMLIRRewrite.so+0x7774)
#11 0x00007f2774d054a7 (anonymous namespace)::GreedyPatternRewriteDriver::processWorklist() GreedyPatternRewriteDriver.cpp:0:0
#12 0x00007f2774d02fd9 mlir::applyPatternsGreedily(mlir::Region&, mlir::FrozenRewritePatternSet const&, mlir::GreedyRewriteConfig, bool*) (/opt/circt/firtool-1.139.0/lib/libMLIRTransformUtils.so+0x46fd9)
#13 0x00007f2778634341 circt::(anonymous namespace)::SCFToCalyxPass::runOnOperation() SCFToCalyx.cpp:0:0
#14 0x00007f2774aa22a5 mlir::detail::OpToOpPassAdaptor::run(mlir::Pass*, mlir::Operation*, mlir::AnalysisManager, bool, unsigned int) (/opt/circt/firtool-1.139.0/lib/libMLIRPass.so+0x172a5)
#15 0x00007f2774aa57a9 mlir::PassManager::run(mlir::Operation*) (/opt/circt/firtool-1.139.0/lib/libMLIRPass.so+0x1a7a9)
#16 0x00007f27783fe06a performActions(llvm::raw_ostream&, std::shared_ptr<llvm::SourceMgr> const&, mlir::MLIRContext*, mlir::MlirOptMainConfig const&) MlirOptMain.cpp:0:0
#17 0x00007f27783fd1be llvm::LogicalResult llvm::function_ref<llvm::LogicalResult (std::unique_ptr<llvm::MemoryBuffer, std::default_delete<llvm::MemoryBuffer>>, llvm::MemoryBufferRef const&, llvm::raw_ostream&)>::callback_fn<mlir::MlirOptMain(llvm::raw_ostream&, std::unique_ptr<llvm::MemoryBuffer, std::default_delete<llvm::MemoryBuffer>>, mlir::DialectRegistry&, mlir::MlirOptMainConfig const&)::$_0>(long, std::unique_ptr<llvm::MemoryBuffer, std::default_delete<llvm::MemoryBuffer>>, llvm::MemoryBufferRef const&, llvm::raw_ostream&) MlirOptMain.cpp:0:0
#18 0x00007f27728d5257 mlir::splitAndProcessBuffer(std::unique_ptr<llvm::MemoryBuffer, std::default_delete<llvm::MemoryBuffer>>, llvm::function_ref<llvm::LogicalResult (std::unique_ptr<llvm::MemoryBuffer, std::default_delete<llvm::MemoryBuffer>>, llvm::MemoryBufferRef const&, llvm::raw_ostream&)>, llvm::raw_ostream&, llvm::StringRef, llvm::StringRef) (/opt/circt/firtool-1.139.0/lib/libMLIRSupport.so+0x27257)
#19 0x00007f27783f34e8 mlir::MlirOptMain(llvm::raw_ostream&, std::unique_ptr<llvm::MemoryBuffer, std::default_delete<llvm::MemoryBuffer>>, mlir::DialectRegistry&, mlir::MlirOptMainConfig const&) (/opt/circt/firtool-1.139.0/lib/libMLIROptLib.so+0xa4e8)
#20 0x00007f27783f37d6 mlir::MlirOptMain(int, char**, llvm::StringRef, llvm::StringRef, mlir::DialectRegistry&) (/opt/circt/firtool-1.139.0/lib/libMLIROptLib.so+0xa7d6)
#21 0x00007f27783f3a0d mlir::MlirOptMain(int, char**, llvm::StringRef, mlir::DialectRegistry&) (/opt/circt/firtool-1.139.0/lib/libMLIROptLib.so+0xaa0d)
#22 0x00005571b512ae10 main (/opt/circt/firtool-1.139.0/bin/circt-opt+0xde10)
#23 0x00007f27722451ca (/lib/x86_64-linux-gnu/libc.so.6+0x2a1ca)
#24 0x00007f277224528b __libc_start_main (/lib/x86_64-linux-gnu/libc.so.6+0x2a28b)
#25 0x00005571b512a6a5 _start (/opt/circt/firtool-1.139.0/bin/circt-opt+0xd6a5)
